// Jest Snapshot v1, https://goo.gl/fbAQLP

exports[`<ThemeProvider /> Should render and match the snapshot 1`] = `
<h1>
  Test
</h1>
`;
